../data/wrong_cksum.txt:
  permissions: 100640
  size: 19
  cksum: 8567249502 [MISMATCH 2765849502]
