ERROR: Failed to get record for this_file_does_not_exist
