7493bfe6c5ceb59898b9c54ac38fad7cca099e77  outputs/OUTFILE
